#
# There is insufficient memory for the Java Runtime Environment to continue.
# Native memory allocation (mmap) failed to map 268435456 bytes for G1 virtual space
# Possible reasons:
#   The system is out of physical RAM or swap space
#   The process is running with CompressedOops enabled, and the Java Heap may be blocking the growth of the native heap
# Possible solutions:
#   Reduce memory load on the system
#   Increase physical memory or swap space
#   Check if swap backing store is full
#   Decrease Java heap size (-Xmx/-Xms)
#   Decrease number of Java threads
#   Decrease Java thread stack sizes (-Xss)
#   Set larger code cache with -XX:ReservedCodeCacheSize=
#   JVM is running with Zero Based Compressed Oops mode in which the Java heap is
#     placed in the first 32GB address space. The Java Heap base address is the
#     maximum limit for the native heap growth. Please use -XX:HeapBaseMinAddress
#     to set the Java Heap base and to place the Java Heap above 32GB virtual address.
# This output file may be truncated or incomplete.
#
#  Out of Memory Error (os_windows.cpp:3600), pid=12408, tid=20028
#
# JRE version:  (21.0.5+9) (build )
# Java VM: Java HotSpot(TM) 64-Bit Server VM (21.0.5+9-LTS-239, mixed mode, sharing, tiered, compressed oops, compressed class ptrs, g1 gc, windows-amd64)
# No core dump will be written. Minidumps are not enabled by default on client versions of Windows
#

---------------  S U M M A R Y ------------

Command Line: -Dnet.bytebuddy.agent.attacher.dump= net.bytebuddy.agent.Attacher com.sun.tools.attach.VirtualMachine 20620 C:\Users\juchan\.gradle\caches\modules-2\files-2.1\net.bytebuddy\byte-buddy-agent\1.17.7\fbf3d6d649ed37fc9e9c59480a05be0a26e3c2da\byte-buddy-agent-1.17.7.jar false 

Host: Intel(R) Core(TM) i5-9400F CPU @ 2.90GHz, 6 cores, 15G,  Windows 11 , 64 bit Build 26100 (10.0.26100.5074)
Time: Mon Sep 15 12:38:07 2025  Windows 11 , 64 bit Build 26100 (10.0.26100.5074) elapsed time: 0.073971 seconds (0d 0h 0m 0s)

---------------  T H R E A D  ---------------

Current thread (0x000001c9d0f99640):  JavaThread "Unknown thread" [_thread_in_vm, id=20028, stack(0x0000005716600000,0x0000005716700000) (1024K)]

Stack: [0x0000005716600000,0x0000005716700000]
Native frames: (J=compiled Java code, j=interpreted, Vv=VM code, C=native code)
V  [jvm.dll+0x6ca289]
V  [jvm.dll+0x854a51]
V  [jvm.dll+0x856f7e]
V  [jvm.dll+0x857653]
V  [jvm.dll+0x27dd26]
V  [jvm.dll+0x6c6a25]
V  [jvm.dll+0x6bb5aa]
V  [jvm.dll+0x35359a]
V  [jvm.dll+0x35b1f6]
V  [jvm.dll+0x3adade]
V  [jvm.dll+0x3add88]
V  [jvm.dll+0x3278fc]
V  [jvm.dll+0x32845b]
V  [jvm.dll+0x81de19]
V  [jvm.dll+0x3ba7c1]
V  [jvm.dll+0x807168]
V  [jvm.dll+0x44f96e]
V  [jvm.dll+0x451561]
C  [jli.dll+0x52a3]
C  [ucrtbase.dll+0x37b0]
C  [KERNEL32.DLL+0x2e8d7]
C  [ntdll.dll+0x8d9c]


---------------  P R O C E S S  ---------------

Threads class SMR info:
_java_thread_list=0x00007ffb2b06ac08, length=0, elements={
}

Java Threads: ( => current thread )
Total: 0

Other Threads:
  0x000001c9d0ffacc0 WorkerThread "GC Thread#0"                     [id=22760, stack(0x0000005716700000,0x0000005716800000) (1024K)]
  0x000001c9d100bbb0 ConcurrentGCThread "G1 Main Marker"            [id=18608, stack(0x0000005716800000,0x0000005716900000) (1024K)]
  0x000001c9d100d530 WorkerThread "G1 Conc#0"                       [id=21676, stack(0x0000005716900000,0x0000005716a00000) (1024K)]

[error occurred during error reporting (printing all threads), id 0xc0000005, EXCEPTION_ACCESS_VIOLATION (0xc0000005) at pc=0x00007ffb2a7da087]
VM state: not at safepoint (not fully initialized)

VM Mutex/Monitor currently owned by a thread:  ([mutex/lock_event])
[0x00007ffb2b0dbf98] Heap_lock - owner thread: 0x000001c9d0f99640

Heap address: 0x0000000700e00000, size: 4082 MB, Compressed Oops mode: Zero based, Oop shift amount: 3

CDS archive(s) mapped at: [0x0000000000000000-0x0000000000000000-0x0000000000000000), size 0, SharedBaseAddress: 0x0000000800000000, ArchiveRelocationMode: 1.
Narrow klass base: 0x0000000000000000, Narrow klass shift: 0, Narrow klass range: 0x0

GC Precious Log:
 CardTable entry size: 512
 Card Set container configuration: InlinePtr #cards 4 size 8 Array Of Cards #cards 16 size 48 Howl #buckets 8 coarsen threshold 3686 Howl Bitmap #cards 512 size 80 coarsen threshold 460 Card regions per heap region 1 cards per card region 4096

Heap:
 garbage-first heap   total 0K, used 0K [0x0000000700e00000, 0x0000000800000000)
  region size 2048K, 0 young (0K), 0 survivors (0K)

[error occurred during error reporting (printing heap information), id 0xc0000005, EXCEPTION_ACCESS_VIOLATION (0xc0000005) at pc=0x00007ffb2abc3259]
GC Heap History (0 events):
No events

Dll operation events (1 events):
Event: 0.008 Loaded shared library C:\Program Files\Java\jdk-21\bin\java.dll

Deoptimization events (0 events):
No events

Classes loaded (0 events):
No events

Classes unloaded (0 events):
No events

Classes redefined (0 events):
No events

Internal exceptions (0 events):
No events

ZGC Phase Switch (0 events):
No events

VM Operations (0 events):
No events

Events (0 events):
No events


Dynamic libraries:
0x00007ff642560000 - 0x00007ff642570000 	C:\Program Files\Java\jdk-21\bin\java.exe
0x00007ffb8aea0000 - 0x00007ffb8b109000 	C:\WINDOWS\SYSTEM32\ntdll.dll
0x00007ffb89290000 - 0x00007ffb89359000 	C:\WINDOWS\System32\KERNEL32.DLL
0x00007ffb88030000 - 0x00007ffb88423000 	C:\WINDOWS\System32\KERNELBASE.dll
0x00007ffb887d0000 - 0x00007ffb8891b000 	C:\WINDOWS\System32\ucrtbase.dll
0x00007ffb831b0000 - 0x00007ffb831c9000 	C:\Program Files\Java\jdk-21\bin\jli.dll
0x00007ffb81b50000 - 0x00007ffb81b6b000 	C:\Program Files\Java\jdk-21\bin\VCRUNTIME140.dll
0x00007ffb8a150000 - 0x00007ffb8a204000 	C:\WINDOWS\System32\ADVAPI32.dll
0x00007ffb8a5a0000 - 0x00007ffb8a649000 	C:\WINDOWS\System32\msvcrt.dll
0x00007ffb89370000 - 0x00007ffb89416000 	C:\WINDOWS\System32\sechost.dll
0x00007ffb8a650000 - 0x00007ffb8a768000 	C:\WINDOWS\System32\RPCRT4.dll
0x00007ffb8a920000 - 0x00007ffb8aae4000 	C:\WINDOWS\System32\USER32.dll
0x00007ffb88650000 - 0x00007ffb88677000 	C:\WINDOWS\System32\win32u.dll
0x00007ffb6ef60000 - 0x00007ffb6f1f3000 	C:\WINDOWS\WinSxS\amd64_microsoft.windows.common-controls_6595b64144ccf1df_6.0.26100.5074_none_3e0d6f78e32fd63f\COMCTL32.dll
0x00007ffb89c30000 - 0x00007ffb89c5b000 	C:\WINDOWS\System32\GDI32.dll
0x00007ffb889d0000 - 0x00007ffb88afd000 	C:\WINDOWS\System32\gdi32full.dll
0x00007ffb88920000 - 0x00007ffb889c3000 	C:\WINDOWS\System32\msvcp_win.dll
0x00007ffb816f0000 - 0x00007ffb816fb000 	C:\WINDOWS\SYSTEM32\VERSION.dll
0x00007ffb8a8e0000 - 0x00007ffb8a90f000 	C:\WINDOWS\System32\IMM32.DLL
0x00007ffb81b00000 - 0x00007ffb81b0c000 	C:\Program Files\Java\jdk-21\bin\vcruntime140_1.dll
0x00007ffb4d830000 - 0x00007ffb4d8be000 	C:\Program Files\Java\jdk-21\bin\msvcp140.dll
0x00007ffb2a4a0000 - 0x00007ffb2b1b8000 	C:\Program Files\Java\jdk-21\bin\server\jvm.dll
0x00007ffb8aaf0000 - 0x00007ffb8ab64000 	C:\WINDOWS\System32\WS2_32.dll
0x00007ffb87d00000 - 0x00007ffb87d5e000 	C:\WINDOWS\SYSTEM32\POWRPROF.dll
0x00007ffb7c100000 - 0x00007ffb7c135000 	C:\WINDOWS\SYSTEM32\WINMM.dll
0x00007ffb87ce0000 - 0x00007ffb87cf4000 	C:\WINDOWS\SYSTEM32\UMPDC.dll
0x00007ffb86dd0000 - 0x00007ffb86deb000 	C:\WINDOWS\SYSTEM32\kernel.appcore.dll
0x00007ffb81af0000 - 0x00007ffb81afa000 	C:\Program Files\Java\jdk-21\bin\jimage.dll
0x00007ffb85690000 - 0x00007ffb858d2000 	C:\WINDOWS\SYSTEM32\DBGHELP.DLL
0x00007ffb89c60000 - 0x00007ffb89fdb000 	C:\WINDOWS\System32\combase.dll
0x00007ffb89fe0000 - 0x00007ffb8a0b7000 	C:\WINDOWS\System32\OLEAUT32.dll
0x00007ffb6d180000 - 0x00007ffb6d1bd000 	C:\WINDOWS\SYSTEM32\dbgcore.DLL
0x00007ffb88430000 - 0x00007ffb884c9000 	C:\WINDOWS\System32\bcryptPrimitives.dll
0x00007ffb71190000 - 0x00007ffb711af000 	C:\Program Files\Java\jdk-21\bin\java.dll

dbghelp: loaded successfully - version: 4.0.5 - missing functions: none
symbol engine: initialized successfully - sym options: 0x614 - pdb path: .;C:\Program Files\Java\jdk-21\bin;C:\WINDOWS\SYSTEM32;C:\WINDOWS\WinSxS\amd64_microsoft.windows.common-controls_6595b64144ccf1df_6.0.26100.5074_none_3e0d6f78e32fd63f;C:\Program Files\Java\jdk-21\bin\server

VM Arguments:
jvm_args: -Dnet.bytebuddy.agent.attacher.dump= 
java_command: net.bytebuddy.agent.Attacher com.sun.tools.attach.VirtualMachine 20620 C:\Users\juchan\.gradle\caches\modules-2\files-2.1\net.bytebuddy\byte-buddy-agent\1.17.7\fbf3d6d649ed37fc9e9c59480a05be0a26e3c2da\byte-buddy-agent-1.17.7.jar false 
java_class_path (initial): C:\Users\juchan\.gradle\caches\modules-2\files-2.1\net.bytebuddy\byte-buddy-agent\1.17.7\fbf3d6d649ed37fc9e9c59480a05be0a26e3c2da\byte-buddy-agent-1.17.7.jar
Launcher Type: SUN_STANDARD

[Global flags]
     intx CICompilerCount                          = 3                                         {product} {ergonomic}
     uint ConcGCThreads                            = 2                                         {product} {ergonomic}
     uint G1ConcRefinementThreads                  = 6                                         {product} {ergonomic}
   size_t G1HeapRegionSize                         = 2097152                                   {product} {ergonomic}
    uintx GCDrainStackTargetSize                   = 64                                        {product} {ergonomic}
   size_t InitialHeapSize                          = 268435456                                 {product} {ergonomic}
   size_t MarkStackSize                            = 4194304                                   {product} {ergonomic}
   size_t MaxHeapSize                              = 4280287232                                {product} {ergonomic}
   size_t MinHeapDeltaBytes                        = 2097152                                   {product} {ergonomic}
   size_t MinHeapSize                              = 8388608                                   {product} {ergonomic}
    uintx NonNMethodCodeHeapSize                   = 5832780                                {pd product} {ergonomic}
    uintx NonProfiledCodeHeapSize                  = 122912730                              {pd product} {ergonomic}
    uintx ProfiledCodeHeapSize                     = 122912730                              {pd product} {ergonomic}
    uintx ReservedCodeCacheSize                    = 251658240                              {pd product} {ergonomic}
     bool SegmentedCodeCache                       = true                                      {product} {ergonomic}
   size_t SoftMaxHeapSize                          = 4280287232                             {manageable} {ergonomic}
     bool UseCompressedOops                        = true                           {product lp64_product} {ergonomic}
     bool UseG1GC                                  = true                                      {product} {ergonomic}
     bool UseLargePagesIndividualAllocation        = false                                  {pd product} {ergonomic}

Logging:
Log output configuration:
 #0: stdout all=warning uptime,level,tags foldmultilines=false
 #1: stderr all=off uptime,level,tags foldmultilines=false

Environment Variables:
JAVA_HOME=C:\Program Files\Java\jdk-21
PATH=C:\Program Files\MySQL\MySQL Server 8.0\bin;C:\WINDOWS\system32;C:\WINDOWS;C:\WINDOWS\System32\Wbem;C:\WINDOWS\System32\WindowsPowerShell\v1.0\;C:\WINDOWS\System32\OpenSSH\;C:\Program Files\Bandizip\;C:\Program Files\Java\jdk-21\bin;C:\Program Files\NVIDIA Corporation\NVIDIA app\NvDLISR;C:\Program Files (x86)\NVIDIA Corporation\PhysX\Common;C:\Users\juchan\AppData\Roaming\Microsoft\Windows\Start Menu\Programs\Python 3.13;C:\Users\juchan\AppData\Local\Programs\Python\Python313\Scripts;C:\Program Files\nodejs\;C:\Program Files\Docker\Docker\resources\bin;C:\Program Files\Git\cmd;C:\Users\juchan\AppData\Local\Programs\Python\Python313\Scripts\;C:\Users\juchan\AppData\Local\Programs\Python\Python313\;C:\Users\juchan\AppData\Local\Programs\Python\Launcher\;C:\Program Files\MySQL\MySQL Shell 8.0\bin\;C:\Users\juchan\AppData\Local\Microsoft\WindowsApps;C:\Users\주찬\AppData\Local\afreeca;C:\Program Files\JetBrains\IntelliJ IDEA 2024.1.4\bin;;C:\Users\주찬\AppData\Roaming\npm;C:\Users\juchan\AppData\Local\Programs\Microsoft VS Code\bin;C:\Users\juchan\AppData\Roaming\npm;C:\Program Files\nodejs\;C:\Users\juchan\AppData\Local\Programs\cursor\resources\app\bin
USERNAME=juchan
LANG=LANG=ko_KR.UTF-8
OS=Windows_NT
PROCESSOR_IDENTIFIER=Intel64 Family 6 Model 158 Stepping 10, GenuineIntel
TMP=C:\Users\juchan\AppData\Local\Temp
TEMP=C:\Users\juchan\AppData\Local\Temp




Periodic native trim disabled

---------------  S Y S T E M  ---------------

OS:
 Windows 11 , 64 bit Build 26100 (10.0.26100.5074)
OS uptime: 0 days 4:08 hours
Hyper-V role detected

CPU: total 6 (initial active 6) (6 cores per cpu, 1 threads per core) family 6 model 158 stepping 10 microcode 0xde, cx8, cmov, fxsr, mmx, 3dnowpref, sse, sse2, sse3, ssse3, sse4.1, sse4.2, popcnt, lzcnt, tsc, tscinvbit, avx, avx2, aes, erms, clmul, bmi1, bmi2, adx, fma, vzeroupper, clflush, clflushopt, hv, rdtscp, f16c
Processor Information for all 6 processors :
  Max Mhz: 2904, Current Mhz: 2904, Mhz Limit: 2904

Memory: 4k page, system-wide physical 16326M (6158M free)
TotalPageFile size 16326M (AvailPageFile size 234M)
current process WorkingSet (physical memory assigned to process): 12M, peak: 12M
current process commit charge ("private bytes"): 56M, peak: 312M

vm_info: Java HotSpot(TM) 64-Bit Server VM (21.0.5+9-LTS-239) for windows-amd64 JRE (21.0.5+9-LTS-239), built on 2024-09-30T05:17:38Z by "mach5one" with MS VC++ 17.6 (VS2022)

END.
